digraph Java {
	rankdir="TB";
	node[shape=plaintext]
	n1[label=<
		<table border='0' cellborder='1' cellspacing='0' cellpadding='9'>
			<tr>
				<td port="f0"></td>
			</tr>
		</table>
	>];
	n2[label=<
		<table border='0' cellborder='1' cellspacing='0'>
			<tr>
				<td>ArrayItem</td>
			</tr>
		</table>
	>];
	n2 -> n1[label="prev",fontsize=12];
	n1:f0 -> n2[label="0",fontsize=12];
}
