digraph Java {
	rankdir="TB";
	node[shape=plaintext]
	n1[label=<
		<table border='0' cellborder='1' cellspacing='0'>
			<tr>
				<td>A</td>
			</tr>
		</table>
	>];
	n2[label=<
		<table border='0' cellborder='1' cellspacing='0'>
			<tr>
				<td>1</td>
				<td>2</td>
				<td>3</td>
			</tr>
		</table>
	>];
	n1 -> n2[label="a",fontsize=12,color=blue,fontcolor=red];
	n3[label=<
		<table border='0' cellborder='1' cellspacing='0'>
			<tr>
				<td>B</td>
			</tr>
		</table>
	>];
	n3 -> n2[label="b",fontsize=12,color=yellow,fontcolor=green];
}
