digraph Java {
	rankdir="TB";
	node[shape=plaintext]
	n1[label=<
		<table border='0' cellborder='1' cellspacing='0'>
			<tr>
				<td rowspan='2'>Person</td>
			</tr>
			<tr>
				<td>age: 35</td>
			</tr>
		</table>
	>];
	n2[label=<
		<table border='0' cellborder='1' cellspacing='0'>
			<tr>
				<td rowspan='3'>String</td>
			</tr>
			<tr>
				<td>hash: 0</td>
			</tr>
			<tr>
				<td>coder: 0</td>
			</tr>
		</table>
	>];
	n3[label=<
		<table border='0' cellborder='1' cellspacing='0'>
			<tr>
				<td>65</td>
				<td>108</td>
				<td>98</td>
				<td>101</td>
				<td>114</td>
				<td>116</td>
			</tr>
		</table>
	>];
	n2 -> n3[label="value",fontsize=12];
	n1 -> n2[label="name",fontsize=12];
	n4[label=<
		<table border='0' cellborder='1' cellspacing='0'>
			<tr>
				<td rowspan='2'>Gender</td>
			</tr>
			<tr>
				<td>ordinal: 0</td>
			</tr>
		</table>
	>];
	n5[label=<
		<table border='0' cellborder='1' cellspacing='0'>
			<tr>
				<td rowspan='3'>String</td>
			</tr>
			<tr>
				<td>hash: 2358797</td>
			</tr>
			<tr>
				<td>coder: 0</td>
			</tr>
		</table>
	>];
	n6[label=<
		<table border='0' cellborder='1' cellspacing='0'>
			<tr>
				<td>77</td>
				<td>65</td>
				<td>76</td>
				<td>69</td>
			</tr>
		</table>
	>];
	n5 -> n6[label="value",fontsize=12];
	n4 -> n5[label="name",fontsize=12];
	n1 -> n4[label="gender",fontsize=12];
	n7[label=<
		<table border='0' cellborder='1' cellspacing='0'>
			<tr>
				<td rowspan='2'>Person</td>
			</tr>
			<tr>
				<td>age: 35</td>
			</tr>
		</table>
	>];
	n2[label=<
		<table border='0' cellborder='1' cellspacing='0'>
			<tr>
				<td rowspan='3'>String</td>
			</tr>
			<tr>
				<td>hash: 0</td>
			</tr>
			<tr>
				<td>coder: 0</td>
			</tr>
		</table>
	>];
	n3[label=<
		<table border='0' cellborder='1' cellspacing='0'>
			<tr>
				<td>65</td>
				<td>108</td>
				<td>98</td>
				<td>101</td>
				<td>114</td>
				<td>116</td>
			</tr>
		</table>
	>];
	n2 -> n3[label="value",fontsize=12];
	n7 -> n2[label="name",fontsize=12];
	n4[label=<
		<table border='0' cellborder='1' cellspacing='0'>
			<tr>
				<td rowspan='2'>Gender</td>
			</tr>
			<tr>
				<td>ordinal: 0</td>
			</tr>
		</table>
	>];
	n5[label=<
		<table border='0' cellborder='1' cellspacing='0'>
			<tr>
				<td rowspan='3'>String</td>
			</tr>
			<tr>
				<td>hash: 2358797</td>
			</tr>
			<tr>
				<td>coder: 0</td>
			</tr>
		</table>
	>];
	n6[label=<
		<table border='0' cellborder='1' cellspacing='0'>
			<tr>
				<td>77</td>
				<td>65</td>
				<td>76</td>
				<td>69</td>
			</tr>
		</table>
	>];
	n5 -> n6[label="value",fontsize=12];
	n4 -> n5[label="name",fontsize=12];
	n7 -> n4[label="gender",fontsize=12];
	1 -> n1[label="",fontsize=12];
	3 -> n7[label="",fontsize=12];
}
