digraph Java {
	rankdir="TB";
	node[shape=plaintext]
	NULL[label="null", shape=plaintext];
}
