digraph Java {
	rankdir="TB";
	node[shape=plaintext]
	NULL[label="null", shape=plaintext];
	n1[label=<
		<table border='0' cellborder='1' cellspacing='0'>
			<tr>
				<td>Object</td>
			</tr>
		</table>
	>];
	n2[label=<
		<table border='0' cellborder='1' cellspacing='0'>
			<tr>
				<td>Object</td>
			</tr>
		</table>
	>];
}
